C251 COMPILER V5.60.0,  main                                                               27/02/25  18:35:06  PAGE 1   


C251 COMPILER V5.60.0, COMPILATION OF MODULE main
OBJECT MODULE PLACED IN .\Objects\main.obj
COMPILER INVOKED BY: D:\mcu\Keil5\C251\BIN\C251.EXE main.c INTR2 BROWSE DEBUG PRINT(.\Listings\main.lst) OBJECT(.\Object
                    -s\main.obj) 

stmt  level    source

    1          #include <AI8051U.H>
    2          #include <intrins.h>
    3          #include "PWM_Controller.h"
    4          #include "FOC_Controller.h"
    5          
    6          sbit PWMa = P0^0;
    7          sbit PWMb = P0^1;
    8          sbit PWMc = P0^2;
    9          
   10          void Delay100us(void)   //@12.000MHz
   11          {
   12   1              unsigned long edata i;
   13   1      
   14   1              _nop_();
   15   1              _nop_();
   16   1              _nop_();
   17   1              i = 298UL;
   18   1              while (i) i--;
   19   1      }
   20          
   21          void Inits()
   22          {
   23   1              P0M0 = 0xff; P0M1 = 0x00;
   24   1              PWM_Init();
   25   1              Delay100us(); 
   26   1      }
   27          
   28          // typedef (int)
   29          // void run(void * callback)
   30          // {
   31                  
   32          // }
   33          
   34          void En_PWM()
   35          {
   36   1              PWMa = PWM_EN0;
   37   1              PWMb = PWM_EN1;
   38   1              PWMc = PWM_EN2;
   39   1      }
   40          
   41          void main (void)
   42          {
   43   1              Inits();
   44   1      
   45   1              while(1)
   46   1              {
   47   2                      velocityOpenloop(2.0);
   48   2              }
   49   1      }


Module Information          Static   Overlayable
------------------------------------------------
  code size            =        57     ------
  ecode size           =    ------     ------
  data size            =    ------     ------
  idata size           =    ------     ------
  pdata size           =    ------     ------
  xdata size           =    ------     ------
C251 COMPILER V5.60.0,  main                                                               27/02/25  18:35:06  PAGE 2   

  xdata-const size     =    ------     ------
  edata size           =    ------     ------
  bit size             =    ------     ------
  ebit size            =    ------     ------
  bitaddressable size  =    ------     ------
  ebitaddressable size =    ------     ------
  far data size        =    ------     ------
  huge data size       =    ------     ------
  const size           =    ------     ------
  hconst size          =    ------     ------
End of Module Information.


C251 COMPILATION COMPLETE.  0 WARNING(S),  0 ERROR(S)
